<?xml version="1.0" encoding="utf-8"?><testsuites><testsuite name="pytest" errors="0" failures="0" skipped="0" tests="102" time="60.079" timestamp="2026-08-24T13:05:38.506144" hostname="ip-172-31-11-81"><testcase classname="tests.test_api_store_webhooks.TestAPI" name="test_api_info_supports_envelope" time="0.488" /><testcase classname="tests.test_api_store_webhooks.TestAPI" name="test_api_current_user_requires_auth" time="0.364" /><testcase classname="tests.test_api_store_webhooks.TestAPI" name="test_api_current_user_accepts_valid_api_key" time="0.702" /><testcase classname="tests.test_api_store_webhooks.TestAPI" name="test_api_unknown_route_returns_json_404" time="0.363" /><testcase classname="tests.test_api_store_webhooks.TestStore" name="test_store_home_loads" time="0.942" /><testcase classname="tests.test_api_store_webhooks.TestStore" name="test_store_payment_creates_customer_charge_and_user" time="0.532" /><testcase classname="tests.test_api_store_webhooks.TestStripeWebhooks" name="test_subscription_deleted_downgrades_team" time="0.381" /><testcase classname="tests.test_api_store_webhooks.TestStripeWebhooks" name="test_subscription_created_sets_plan_and_customer" time="0.378" /><testcase classname="tests.test_api_store_webhooks.TestStripeWebhooks" name="test_subscription_updated_with_cancelled_downgrades_team" time="0.382" /><testcase classname="tests.test_api_store_webhooks.TestStripeWebhooks" name="test_checkout_completed_sets_subscription_on_team" time="0.376" /><testcase classname="tests.test_api_store_webhooks.TestStripeWebhooks" name="test_checkout_completed_with_unknown_team_returns_question_mark" time="0.362" /><testcase classname="tests.test_auth_extra.TestAuthAdditionalFlows" name="test_confirm_invalid_token_404" time="0.493" /><testcase classname="tests.test_auth_extra.TestAuthAdditionalFlows" name="test_confirm_email_logged_out_redirects_login" time="0.375" /><testcase classname="tests.test_auth_extra.TestAuthAdditionalFlows" name="test_confirm_email_logged_in_redirects_dashboard" time="0.953" /><testcase classname="tests.test_auth_extra.TestAuthAdditionalFlows" name="test_resend_confirmation_get_for_unconfirmed_user_raises_for_missing_template" time="0.725" /><testcase classname="tests.test_auth_extra.TestAuthAdditionalFlows" name="test_resend_confirmation_post_sends_email_and_redirects" time="0.715" /><testcase classname="tests.test_auth_extra.TestAuthAdditionalFlows" name="test_request_password_reset_redirects_logged_in_users" time="0.712" /><testcase classname="tests.test_auth_extra.TestAuthAdditionalFlows" name="test_request_password_reset_for_existing_user" time="0.365" /><testcase classname="tests.test_auth_extra.TestAuthAdditionalFlows" name="test_reset_password_invalid_code_forbidden" time="0.364" /><testcase classname="tests.test_auth_extra.TestAuthAdditionalFlows" name="test_reset_password_valid_code_updates_user" time="0.381" /><testcase classname="tests.test_auth_extra.TestAuthAdditionalFlows" name="test_reauth_post_with_valid_credentials_redirects_settings" time="0.493" /><testcase classname="tests.test_auth_extra.TestAuthAdditionalFlows" name="test_join_team_returns_404_for_non_matching_user" time="0.880" /><testcase classname="tests.test_auth_extra.TestAuthAdditionalFlows" name="test_join_team_activates_invite_for_owner" time="0.849" /><testcase classname="tests.test_auth_extra.TestAuthAdditionalFlows" name="test_invite_page_renders_for_guest_user" time="0.559" /><testcase classname="tests.test_auth_extra.TestAuthAdditionalFlows" name="test_invite_page_rejects_wrong_secret" time="0.517" /><testcase classname="tests.test_auth_extra.TestAuthAdditionalFlows" name="test_invite_page_redirects_owner_to_join" time="0.737" /><testcase classname="tests.test_config.TestConfig" name="test_dev_config" time="0.080" /><testcase classname="tests.test_config.TestConfig" name="test_test_config" time="0.080" /><testcase classname="tests.test_config.TestConfig" name="test_prod_config" time="0.075" /><testcase classname="tests.test_dashboard_actions.TestDashboardActions" name="test_dashboard_home_redirects_to_memberships_when_user_has_no_active_team" time="0.715" /><testcase classname="tests.test_dashboard_actions.TestDashboardActions" name="test_dashboard_home_404_for_team_non_member" time="0.864" /><testcase classname="tests.test_dashboard_actions.TestDashboardActions" name="test_team_dashboard_redirects_home_when_user_has_no_primary_membership" time="0.917" /><testcase classname="tests.test_dashboard_actions.TestDashboardActions" name="test_team_dashboard_404_for_team_non_member" time="0.870" /><testcase classname="tests.test_dashboard_actions.TestDashboardActions" name="test_add_member_404_for_invalid_team" time="0.861" /><testcase classname="tests.test_dashboard_actions.TestDashboardActions" name="test_add_member_blocks_when_plan_limit_reached" time="0.745" /><testcase classname="tests.test_dashboard_actions.TestDashboardActions" name="test_add_member_invalid_form_redirects" time="0.724" /><testcase classname="tests.test_dashboard_actions.TestDashboardActions" name="test_add_member_creates_invite" time="0.755" /><testcase classname="tests.test_dashboard_actions.TestDashboardActions" name="test_add_member_skips_existing_member" time="0.737" /><testcase classname="tests.test_dashboard_actions.TestDashboardActions" name="test_billing_portal_redirects_to_customer_portal" time="0.848" /><testcase classname="tests.test_dashboard_actions.TestDashboardActions" name="test_billing_portal_falls_back_to_settings_without_customer" time="0.729" /><testcase classname="tests.test_dashboard_actions.TestDashboardActions" name="test_billing_portal_404_for_invalid_team" time="0.862" /><testcase classname="tests.test_dashboard_actions.TestDashboardActions" name="test_remove_member_404_when_membership_not_found" time="0.869" /><testcase classname="tests.test_dashboard_actions.TestDashboardActions" name="test_remove_creator_is_blocked" time="0.869" /><testcase classname="tests.test_dashboard_actions.TestDashboardActions" name="test_remove_member_invalid_form_redirects" time="0.747" /><testcase classname="tests.test_dashboard_actions.TestDashboardActions" name="test_remove_pending_member_deletes_membership" time="0.746" /><testcase classname="tests.test_dashboard_actions.TestDashboardActions" name="test_remove_last_active_user_is_blocked" time="0.850" /><testcase classname="tests.test_dashboard_actions.TestDashboardActions" name="test_add_file_creates_team_file_record" time="0.754" /><testcase classname="tests.test_dashboard_actions.TestDashboardActions" name="test_files_dashboard_redirects_home_when_user_has_no_primary_membership" time="0.724" /><testcase classname="tests.test_dashboard_actions.TestDashboardActions" name="test_files_dashboard_404_for_team_non_member" time="0.859" /><testcase classname="tests.test_dashboard_actions.TestDashboardActions" name="test_add_file_404_for_invalid_team" time="0.857" /><testcase classname="tests.test_dashboard_actions.TestDashboardActions" name="test_add_file_invalid_form_raises_type_error" time="0.713" /><testcase classname="tests.test_dashboard_actions.TestDashboardActions" name="test_download_file_redirects_to_storage_url" time="0.866" /><testcase classname="tests.test_dashboard_actions.TestDashboardActions" name="test_download_file_404_when_storage_returns_none" time="0.896" /><testcase classname="tests.test_dashboard_actions.TestDashboardActions" name="test_destroy_file_404_for_invalid_team" time="0.856" /><testcase classname="tests.test_dashboard_actions.TestDashboardActions" name="test_destroy_file_removes_file_and_storage_object" time="0.747" /><testcase classname="tests.test_dashboard_actions.TestDashboardActions" name="test_destroy_file_removes_db_record_when_storage_object_missing" time="0.748" /><testcase classname="tests.test_login.TestLogin" name="test_login" time="0.719" /><testcase classname="tests.test_login.TestLogin" name="test_login_bad_email" time="0.527" /><testcase classname="tests.test_login.TestLogin" name="test_login_bad_password" time="0.797" /><testcase classname="tests.test_roles_session_admin.TestAdminJobsAuth" name="test_jobs_dashboard_requires_authentication" time="0.363" /><testcase classname="tests.test_roles_session_admin.TestAdminJobsAuth" name="test_jobs_dashboard_for_non_admin_returns_403" time="0.720" /><testcase classname="tests.test_roles_session_admin.TestSessionHelper" name="test_current_membership_defaults_to_first_active_membership" time="0.362" /><testcase classname="tests.test_roles_session_admin.TestSessionHelper" name="test_current_membership_returns_selected_membership" time="0.355" /><testcase classname="tests.test_roles_session_admin.TestSessionHelper" name="test_current_membership_redirects_when_session_membership_is_invalid" time="0.359" /><testcase classname="tests.test_services_billing_utils.TestGDPRExport" name="test_export_user_pii_json_includes_user_and_related_models" time="0.371" /><testcase classname="tests.test_services_billing_utils.TestGDPRExport" name="test_export_denies_non_admin_requesting_other_user" time="0.360" /><testcase classname="tests.test_services_billing_utils.TestGDPRExport" name="test_send_pii_export_builds_mail_with_attachment" time="0.371" /><testcase classname="tests.test_services_billing_utils.TestStripeService" name="test_create_customer_returns_existing_customer_id" time="0.361" /><testcase classname="tests.test_services_billing_utils.TestStripeService" name="test_create_customer_creates_and_persists_id" time="0.369" /><testcase classname="tests.test_services_billing_utils.TestStripeService" name="test_customer_portal_link" time="0.358" /><testcase classname="tests.test_services_billing_utils.TestStripeService" name="test_usage_reporting_and_subscription_item_listing" time="0.355" /><testcase classname="tests.test_services_billing_utils.TestStripeService" name="test_parse_webhook_uses_signature_header" time="0.359" /><testcase classname="tests.test_services_billing_utils.TestBillingPlans" name="test_free_plan_member_limit" time="0.512" /><testcase classname="tests.test_services_billing_utils.TestBillingPlans" name="test_metered_plan_records_usage" time="0.356" /><testcase classname="tests.test_services_billing_utils.TestBillingPlans" name="test_metered_plan_raises_when_subscription_item_missing" time="0.356" /><testcase classname="tests.test_services_billing_utils.TestBillingPlans" name="test_set_team_plan_updates_team_value" time="0.371" /><testcase classname="tests.test_services_billing_utils.TestUtilsAndMailers" name="test_math_helpers" time="0.360" /><testcase classname="tests.test_services_billing_utils.TestUtilsAndMailers" name="test_text_pluralize" time="0.358" /><testcase classname="tests.test_services_billing_utils.TestUtilsAndMailers" name="test_time_helpers" time="0.395" /><testcase classname="tests.test_services_billing_utils.TestUtilsAndMailers" name="test_token_helpers" time="0.359" /><testcase classname="tests.test_services_billing_utils.TestUtilsAndMailers" name="test_notification_mailer_send_renders_and_delivers" time="0.367" /><testcase classname="tests.test_signup_dashboard.TestSignupAndDashboard" name="test_signup_page_loads" time="0.529" /><testcase classname="tests.test_signup_dashboard.TestSignupAndDashboard" name="test_signup_creates_user_and_lands_on_dashboard" time="0.860" /><testcase classname="tests.test_signup_dashboard.TestSignupAndDashboard" name="test_signup_rejects_duplicate_email" time="0.535" /><testcase classname="tests.test_signup_dashboard.TestSignupAndDashboard" name="test_dashboard_home_loads_for_logged_in_user" time="1.005" /><testcase classname="tests.test_signup_dashboard.TestSignupAndDashboard" name="test_dashboard_team_page_loads_for_logged_in_user" time="0.889" /><testcase classname="tests.test_signup_dashboard.TestSignupAndDashboard" name="test_dashboard_files_page_loads_for_logged_in_user" time="0.894" /><testcase classname="tests.test_team.TestTeam" name="test_user_creation_of_team" time="0.242" /><testcase classname="tests.test_urls.TestURLs" name="test_home" time="0.521" /><testcase classname="tests.test_urls.TestURLs" name="test_login" time="0.528" /><testcase classname="tests.test_urls.TestURLs" name="test_logout" time="0.360" /><testcase classname="tests.test_urls.TestURLs" name="test_signup" time="0.530" /><testcase classname="tests.test_urls.TestURLs" name="test_dashboard_logged_out" time="0.358" /><testcase classname="tests.test_user.TestModels" name="test_user_save" time="0.631" /><testcase classname="tests.test_user.TestModels" name="test_user_password" time="0.618" /><testcase classname="tests.test_user.TestModels" name="test_user_group_creation" time="0.496" /><testcase classname="tests.test_user.TestModels" name="test_user_encryption" time="0.554" /><testcase classname="tests.test_user.TestModels" name="test_get_or_none_respects_soft_delete" time="0.498" /><testcase classname="tests.test_user.TestModels" name="test_query_with_deleted_can_fetch_deleted_rows" time="0.496" /><testcase classname="tests.test_user.TestModels" name="test_query_with_deleted_requires_identifier" time="0.360" /><testcase classname="tests.test_user.TestModels" name="test_model_serialization_and_delete_paths" time="0.497" /><testcase classname="tests.test_user.TestModels" name="test_transaction_rolls_back_on_exception" time="0.370" /></testsuite></testsuites>